// Jest Snapshot v1, https://goo.gl/fbAQLP

exports[`#typeDefs should match the GraphQL schema 1`] = `
"schema {
  query: Query
  mutation: Mutation
}

type Query {
  getApps: [App!]
  getUsers: [User!]
}

type Mutation {
  createApp(input: CreateInputApp): App!
  createUser(input: CreateUserInput): User!
  login(input: LoginInput): AuthPayload!
}

type App {
  id: UUID!
  appName: String!
  icon: String!
  description: String!
  createdAt: DateTime!
  updatedAt: DateTime!
}

input CreateInputApp {
  appName: String!
  icon: String!
  description: String!
}

scalar UUID

scalar DateTime

type User {
  id: UUID!
  username: String!
  password: String!
  email: String!
  privilege: String!
  active: Boolean!
  createdAt: DateTime!
  updatedAt: DateTime!
}

input CreateUserInput {
  username: String!
  password: String!
  email: String!
  privilege: String!
  active: Boolean!
}

input LoginInput {
  email: String!
  password: String!
}

type AuthPayload {
  token: String!
}
"
`;
